exports[`DrawerHeader renders correctly 1`] = `
ShallowWrapper {
  "complexSelector": ComplexSelector {
    "buildPredicate": [Function],
    "childrenOfNode": [Function],
    "findWhereUnwrapped": [Function],
  },
  "length": 1,
  "node": <Text
    accessible={true}
    allowFontScaling={true}
    ellipsizeMode="tail"
    style={
        Object {
            "color": "#222",
            "fontSize": 18,
            "paddingBottom": 20,
            "paddingHorizontal": 20,
          }
    }>
    Wybierz miejscowosc
</Text>,
  "nodes": Array [
    <Text
      accessible={true}
      allowFontScaling={true}
      ellipsizeMode="tail"
      style={
            Object {
                  "color": "#222",
                  "fontSize": 18,
                  "paddingBottom": 20,
                  "paddingHorizontal": 20,
                }
      }>
      Wybierz miejscowosc
</Text>,
  ],
  "options": Object {},
  "renderer": ReactShallowRenderer {
    "_instance": ShallowComponentWrapper {
      "_calledComponentWillUnmount": false,
      "_compositeType": 0,
      "_context": Object {},
      "_currentElement": <DrawerHeader
        text="Wybierz miejscowosc" />,
      "_debugID": 1,
      "_hostContainerInfo": null,
      "_hostParent": null,
      "_instance": DrawerHeader {
        "_reactInternalInstance": [Circular],
        "context": Object {},
        "props": Object {
          "text": "Wybierz miejscowosc",
        },
        "refs": Object {},
        "state": null,
        "updater": Object {
          "enqueueCallback": [Function],
          "enqueueCallbackInternal": [Function],
          "enqueueElementInternal": [Function],
          "enqueueForceUpdate": [Function],
          "enqueueReplaceState": [Function],
          "enqueueSetState": [Function],
          "isMounted": [Function],
          "validateCallback": [Function],
        },
      },
      "_mountOrder": 1,
      "_pendingCallbacks": null,
      "_pendingElement": null,
      "_pendingForceUpdate": false,
      "_pendingReplaceState": false,
      "_pendingStateQueue": null,
      "_renderedComponent": NoopInternalComponent {
        "_currentElement": <Text
          accessible={true}
          allowFontScaling={true}
          ellipsizeMode="tail"
          style={
                    Object {
                              "color": "#222",
                              "fontSize": 18,
                              "paddingBottom": 20,
                              "paddingHorizontal": 20,
                            }
          }>
          Wybierz miejscowosc
</Text>,
        "_debugID": 2,
        "_renderedOutput": <Text
          accessible={true}
          allowFontScaling={true}
          ellipsizeMode="tail"
          style={
                    Object {
                              "color": "#222",
                              "fontSize": 18,
                              "paddingBottom": 20,
                              "paddingHorizontal": 20,
                            }
          }>
          Wybierz miejscowosc
</Text>,
      },
      "_renderedNodeType": 1,
      "_rootNodeID": 0,
      "_topLevelWrapper": null,
      "_updateBatchNumber": null,
      "_warnedAboutRefsInRender": false,
    },
    "getRenderOutput": [Function],
    "render": [Function],
  },
  "root": [Circular],
  "unrendered": <DrawerHeader
    text="Wybierz miejscowosc" />,
}
`;
