exports[`AirQualityIndex renders correctly 1`] = `
ShallowWrapper {
  "complexSelector": ComplexSelector {
    "buildPredicate": [Function],
    "childrenOfNode": [Function],
    "findWhereUnwrapped": [Function],
  },
  "length": 1,
  "node": <View
    style={
        Array [
            Object {
              "alignItems": "stretch",
              "backgroundColor": "white",
              "borderRadius": 3,
            },
            Object {
              "paddingTop": 5,
            },
            Object {
              "backgroundColor": "white",
              "marginTop": 15,
            },
          ]
    }>
    <ElevatedView
        elevation={4}
        style={
            Array [
                Object {
                  "alignItems": "stretch",
                  "backgroundColor": "white",
                  "justifyContent": "space-between",
                  "margin": 20,
                  "marginBottom": 15,
                  "marginTop": 0,
                },
                Object {
                  "alignItems": "center",
                },
                Object {
                  "padding": 5,
                },
              ]
        }>
        <Text
            accessible={true}
            allowFontScaling={true}
            ellipsizeMode="tail"
            style={
                Object {
                    "color": "#111",
                    "fontSize": 14,
                    "paddingHorizontal": 10,
                    "paddingTop": 3,
                  }
            }>
            Jakość powietrza:
        </Text>
        <View
            style={
                Object {
                    "alignItems": "center",
                    "flex": 1,
                    "flexDirection": "row",
                    "flexWrap": "nowrap",
                    "justifyContent": "center",
                  }
            }>
            <View
                backgroundColor="#2DB338"
                style={
                    Object {
                        "alignItems": "center",
                        "borderRadius": 30,
                        "height": 15,
                        "justifyContent": "center",
                        "overflow": "hidden",
                        "width": 15,
                      }
                }>
                <View
                    style={
                        Object {
                            "alignItems": "center",
                            "justifyContent": "center",
                          }
                    } />
            </View>
            <Text
                accessible={true}
                allowFontScaling={true}
                ellipsizeMode="tail"
                style={
                    Object {
                        "color": "#111",
                        "fontSize": 24,
                        "paddingBottom": 3,
                        "paddingHorizontal": 10,
                      }
                }>
                Dobra
            </Text>
            <View
                backgroundColor="#2DB338"
                style={
                    Object {
                        "alignItems": "center",
                        "borderRadius": 30,
                        "height": 15,
                        "justifyContent": "center",
                        "overflow": "hidden",
                        "width": 15,
                      }
                }>
                <View
                    style={
                        Object {
                            "alignItems": "center",
                            "justifyContent": "center",
                          }
                    } />
            </View>
        </View>
    </ElevatedView>
</View>,
  "nodes": Array [
    <View
      style={
            Array [
                  Object {
                    "alignItems": "stretch",
                    "backgroundColor": "white",
                    "borderRadius": 3,
                  },
                  Object {
                    "paddingTop": 5,
                  },
                  Object {
                    "backgroundColor": "white",
                    "marginTop": 15,
                  },
                ]
      }>
      <ElevatedView
            elevation={4}
            style={
                  Array [
                        Object {
                          "alignItems": "stretch",
                          "backgroundColor": "white",
                          "justifyContent": "space-between",
                          "margin": 20,
                          "marginBottom": 15,
                          "marginTop": 0,
                        },
                        Object {
                          "alignItems": "center",
                        },
                        Object {
                          "padding": 5,
                        },
                      ]
            }>
            <Text
                  accessible={true}
                  allowFontScaling={true}
                  ellipsizeMode="tail"
                  style={
                        Object {
                              "color": "#111",
                              "fontSize": 14,
                              "paddingHorizontal": 10,
                              "paddingTop": 3,
                            }
                  }>
                  Jakość powietrza:
            </Text>
            <View
                  style={
                        Object {
                              "alignItems": "center",
                              "flex": 1,
                              "flexDirection": "row",
                              "flexWrap": "nowrap",
                              "justifyContent": "center",
                            }
                  }>
                  <View
                        backgroundColor="#2DB338"
                        style={
                              Object {
                                    "alignItems": "center",
                                    "borderRadius": 30,
                                    "height": 15,
                                    "justifyContent": "center",
                                    "overflow": "hidden",
                                    "width": 15,
                                  }
                        }>
                        <View
                              style={
                                    Object {
                                          "alignItems": "center",
                                          "justifyContent": "center",
                                        }
                              } />
                  </View>
                  <Text
                        accessible={true}
                        allowFontScaling={true}
                        ellipsizeMode="tail"
                        style={
                              Object {
                                    "color": "#111",
                                    "fontSize": 24,
                                    "paddingBottom": 3,
                                    "paddingHorizontal": 10,
                                  }
                        }>
                        Dobra
                  </Text>
                  <View
                        backgroundColor="#2DB338"
                        style={
                              Object {
                                    "alignItems": "center",
                                    "borderRadius": 30,
                                    "height": 15,
                                    "justifyContent": "center",
                                    "overflow": "hidden",
                                    "width": 15,
                                  }
                        }>
                        <View
                              style={
                                    Object {
                                          "alignItems": "center",
                                          "justifyContent": "center",
                                        }
                              } />
                  </View>
            </View>
      </ElevatedView>
</View>,
  ],
  "options": Object {},
  "renderer": ReactShallowRenderer {
    "_instance": ShallowComponentWrapper {
      "_calledComponentWillUnmount": false,
      "_compositeType": 0,
      "_context": Object {},
      "_currentElement": <AirQualityIndex
        index={1} />,
      "_debugID": 1,
      "_hostContainerInfo": null,
      "_hostParent": null,
      "_instance": AirQualityIndex {
        "_reactInternalInstance": [Circular],
        "context": Object {},
        "onLayout": [Function],
        "props": Object {
          "index": 1,
        },
        "refs": Object {},
        "state": Object {
          "height": 1334,
          "width": 750,
        },
        "updater": Object {
          "enqueueCallback": [Function],
          "enqueueCallbackInternal": [Function],
          "enqueueElementInternal": [Function],
          "enqueueForceUpdate": [Function],
          "enqueueReplaceState": [Function],
          "enqueueSetState": [Function],
          "isMounted": [Function],
          "validateCallback": [Function],
        },
      },
      "_mountOrder": 1,
      "_pendingCallbacks": null,
      "_pendingElement": null,
      "_pendingForceUpdate": false,
      "_pendingReplaceState": false,
      "_pendingStateQueue": null,
      "_renderedComponent": NoopInternalComponent {
        "_currentElement": <View
          style={
                    Array [
                              Object {
                                "alignItems": "stretch",
                                "backgroundColor": "white",
                                "borderRadius": 3,
                              },
                              Object {
                                "paddingTop": 5,
                              },
                              Object {
                                "backgroundColor": "white",
                                "marginTop": 15,
                              },
                            ]
          }>
          <ElevatedView
                    elevation={4}
                    style={
                              Array [
                                        Object {
                                          "alignItems": "stretch",
                                          "backgroundColor": "white",
                                          "justifyContent": "space-between",
                                          "margin": 20,
                                          "marginBottom": 15,
                                          "marginTop": 0,
                                        },
                                        Object {
                                          "alignItems": "center",
                                        },
                                        Object {
                                          "padding": 5,
                                        },
                                      ]
                    }>
                    <Text
                              accessible={true}
                              allowFontScaling={true}
                              ellipsizeMode="tail"
                              style={
                                        Object {
                                                  "color": "#111",
                                                  "fontSize": 14,
                                                  "paddingHorizontal": 10,
                                                  "paddingTop": 3,
                                                }
                              }>
                              Jakość powietrza:
                    </Text>
                    <View
                              style={
                                        Object {
                                                  "alignItems": "center",
                                                  "flex": 1,
                                                  "flexDirection": "row",
                                                  "flexWrap": "nowrap",
                                                  "justifyContent": "center",
                                                }
                              }>
                              <View
                                        backgroundColor="#2DB338"
                                        style={
                                                  Object {
                                                            "alignItems": "center",
                                                            "borderRadius": 30,
                                                            "height": 15,
                                                            "justifyContent": "center",
                                                            "overflow": "hidden",
                                                            "width": 15,
                                                          }
                                        }>
                                        <View
                                                  style={
                                                            Object {
                                                                      "alignItems": "center",
                                                                      "justifyContent": "center",
                                                                    }
                                                  } />
                              </View>
                              <Text
                                        accessible={true}
                                        allowFontScaling={true}
                                        ellipsizeMode="tail"
                                        style={
                                                  Object {
                                                            "color": "#111",
                                                            "fontSize": 24,
                                                            "paddingBottom": 3,
                                                            "paddingHorizontal": 10,
                                                          }
                                        }>
                                        Dobra
                              </Text>
                              <View
                                        backgroundColor="#2DB338"
                                        style={
                                                  Object {
                                                            "alignItems": "center",
                                                            "borderRadius": 30,
                                                            "height": 15,
                                                            "justifyContent": "center",
                                                            "overflow": "hidden",
                                                            "width": 15,
                                                          }
                                        }>
                                        <View
                                                  style={
                                                            Object {
                                                                      "alignItems": "center",
                                                                      "justifyContent": "center",
                                                                    }
                                                  } />
                              </View>
                    </View>
          </ElevatedView>
</View>,
        "_debugID": 2,
        "_renderedOutput": <View
          style={
                    Array [
                              Object {
                                "alignItems": "stretch",
                                "backgroundColor": "white",
                                "borderRadius": 3,
                              },
                              Object {
                                "paddingTop": 5,
                              },
                              Object {
                                "backgroundColor": "white",
                                "marginTop": 15,
                              },
                            ]
          }>
          <ElevatedView
                    elevation={4}
                    style={
                              Array [
                                        Object {
                                          "alignItems": "stretch",
                                          "backgroundColor": "white",
                                          "justifyContent": "space-between",
                                          "margin": 20,
                                          "marginBottom": 15,
                                          "marginTop": 0,
                                        },
                                        Object {
                                          "alignItems": "center",
                                        },
                                        Object {
                                          "padding": 5,
                                        },
                                      ]
                    }>
                    <Text
                              accessible={true}
                              allowFontScaling={true}
                              ellipsizeMode="tail"
                              style={
                                        Object {
                                                  "color": "#111",
                                                  "fontSize": 14,
                                                  "paddingHorizontal": 10,
                                                  "paddingTop": 3,
                                                }
                              }>
                              Jakość powietrza:
                    </Text>
                    <View
                              style={
                                        Object {
                                                  "alignItems": "center",
                                                  "flex": 1,
                                                  "flexDirection": "row",
                                                  "flexWrap": "nowrap",
                                                  "justifyContent": "center",
                                                }
                              }>
                              <View
                                        backgroundColor="#2DB338"
                                        style={
                                                  Object {
                                                            "alignItems": "center",
                                                            "borderRadius": 30,
                                                            "height": 15,
                                                            "justifyContent": "center",
                                                            "overflow": "hidden",
                                                            "width": 15,
                                                          }
                                        }>
                                        <View
                                                  style={
                                                            Object {
                                                                      "alignItems": "center",
                                                                      "justifyContent": "center",
                                                                    }
                                                  } />
                              </View>
                              <Text
                                        accessible={true}
                                        allowFontScaling={true}
                                        ellipsizeMode="tail"
                                        style={
                                                  Object {
                                                            "color": "#111",
                                                            "fontSize": 24,
                                                            "paddingBottom": 3,
                                                            "paddingHorizontal": 10,
                                                          }
                                        }>
                                        Dobra
                              </Text>
                              <View
                                        backgroundColor="#2DB338"
                                        style={
                                                  Object {
                                                            "alignItems": "center",
                                                            "borderRadius": 30,
                                                            "height": 15,
                                                            "justifyContent": "center",
                                                            "overflow": "hidden",
                                                            "width": 15,
                                                          }
                                        }>
                                        <View
                                                  style={
                                                            Object {
                                                                      "alignItems": "center",
                                                                      "justifyContent": "center",
                                                                    }
                                                  } />
                              </View>
                    </View>
          </ElevatedView>
</View>,
      },
      "_renderedNodeType": 1,
      "_rootNodeID": 0,
      "_topLevelWrapper": null,
      "_updateBatchNumber": null,
      "_warnedAboutRefsInRender": false,
    },
    "getRenderOutput": [Function],
    "render": [Function],
  },
  "root": [Circular],
  "unrendered": <AirQualityIndex
    index={1} />,
}
`;
