exports[`CityInfo renders correctly 1`] = `
ShallowWrapper {
  "complexSelector": ComplexSelector {
    "buildPredicate": [Function],
    "childrenOfNode": [Function],
    "findWhereUnwrapped": [Function],
  },
  "length": 1,
  "node": <View
    style={
        Object {
            "height": 180,
            "position": "relative",
            "width": undefined,
          }
    }>
    <Image
        source={1}
        style={
            Object {
                "alignSelf": "stretch",
                "backgroundColor": "transparent",
                "borderWidth": 0,
                "flex": 1,
                "flexDirection": "column",
                "height": 180,
                "justifyContent": "flex-end",
                "margin": 0,
                "padding": 0,
                "paddingBottom": 10,
                "top": 0,
                "width": undefined,
              }
        }>
        <AnimatedComponent
            source={
                Object {
                    "uri": undefined,
                  }
            }
            style={
                Object {
                    "alignSelf": "center",
                    "backgroundColor": "transparent",
                    "borderWidth": 0,
                    "bottom": 0,
                    "flex": 1,
                    "flexDirection": "column",
                    "justifyContent": "center",
                    "left": 0,
                    "margin": 0,
                    "opacity": 0,
                    "padding": 0,
                    "position": "absolute",
                    "resizeMode": "cover",
                    "right": 0,
                    "top": 0,
                  }
            } />
        <View
            style={
                Object {
                    "alignItems": "flex-start",
                  }
            }>
            <Image
                source={1}
                style={
                    Array [
                        Object {
                          "alignSelf": "stretch",
                          "backgroundColor": "transparent",
                          "borderWidth": 0,
                          "flex": 1,
                          "flexDirection": "column",
                          "height": 180,
                          "justifyContent": "flex-end",
                          "margin": 0,
                          "padding": 0,
                          "paddingBottom": 10,
                          "top": 0,
                          "width": undefined,
                        },
                        Object {
                          "bottom": 0,
                          "height": 180,
                          "left": 0,
                          "position": "absolute",
                          "resizeMode": "stretch",
                          "right": 0,
                          "top": -16,
                        },
                      ]
                } />
            <CityName
                text="Bielsko-Biała" />
            <CityDescription
                text="ul. Kossak-Szczuckiej 19" />
        </View>
    </Image>
</View>,
  "nodes": Array [
    <View
      style={
            Object {
                  "height": 180,
                  "position": "relative",
                  "width": undefined,
                }
      }>
      <Image
            source={1}
            style={
                  Object {
                        "alignSelf": "stretch",
                        "backgroundColor": "transparent",
                        "borderWidth": 0,
                        "flex": 1,
                        "flexDirection": "column",
                        "height": 180,
                        "justifyContent": "flex-end",
                        "margin": 0,
                        "padding": 0,
                        "paddingBottom": 10,
                        "top": 0,
                        "width": undefined,
                      }
            }>
            <AnimatedComponent
                  source={
                        Object {
                              "uri": undefined,
                            }
                  }
                  style={
                        Object {
                              "alignSelf": "center",
                              "backgroundColor": "transparent",
                              "borderWidth": 0,
                              "bottom": 0,
                              "flex": 1,
                              "flexDirection": "column",
                              "justifyContent": "center",
                              "left": 0,
                              "margin": 0,
                              "opacity": 0,
                              "padding": 0,
                              "position": "absolute",
                              "resizeMode": "cover",
                              "right": 0,
                              "top": 0,
                            }
                  } />
            <View
                  style={
                        Object {
                              "alignItems": "flex-start",
                            }
                  }>
                  <Image
                        source={1}
                        style={
                              Array [
                                    Object {
                                      "alignSelf": "stretch",
                                      "backgroundColor": "transparent",
                                      "borderWidth": 0,
                                      "flex": 1,
                                      "flexDirection": "column",
                                      "height": 180,
                                      "justifyContent": "flex-end",
                                      "margin": 0,
                                      "padding": 0,
                                      "paddingBottom": 10,
                                      "top": 0,
                                      "width": undefined,
                                    },
                                    Object {
                                      "bottom": 0,
                                      "height": 180,
                                      "left": 0,
                                      "position": "absolute",
                                      "resizeMode": "stretch",
                                      "right": 0,
                                      "top": -16,
                                    },
                                  ]
                        } />
                  <CityName
                        text="Bielsko-Biała" />
                  <CityDescription
                        text="ul. Kossak-Szczuckiej 19" />
            </View>
      </Image>
</View>,
  ],
  "options": Object {},
  "renderer": ReactShallowRenderer {
    "_instance": ShallowComponentWrapper {
      "_calledComponentWillUnmount": false,
      "_compositeType": 0,
      "_context": Object {},
      "_currentElement": <CityInfo
        city={
                Object {
                        "geo": Array [
                          49.813464,
                          19.027318,
                        ],
                        "name": "Bielsko-Biała, ul. Kossak-Szczuckiej 19",
                        "url": "http://aqicn.org/city/poland/slaski/bielsko-biala--ul.-kossak-szczuckiej-19/",
                      }
        } />,
      "_debugID": 1,
      "_hostContainerInfo": null,
      "_hostParent": null,
      "_instance": CityInfo {
        "_reactInternalInstance": [Circular],
        "context": Object {},
        "props": Object {
          "city": Object {
            "geo": Array [
              49.813464,
              19.027318,
            ],
            "name": "Bielsko-Biała, ul. Kossak-Szczuckiej 19",
            "url": "http://aqicn.org/city/poland/slaski/bielsko-biala--ul.-kossak-szczuckiej-19/",
          },
        },
        "refs": Object {},
        "state": Object {
          "fadeAnim": 0,
          "fetched": false,
        },
        "updater": Object {
          "enqueueCallback": [Function],
          "enqueueCallbackInternal": [Function],
          "enqueueElementInternal": [Function],
          "enqueueForceUpdate": [Function],
          "enqueueReplaceState": [Function],
          "enqueueSetState": [Function],
          "isMounted": [Function],
          "validateCallback": [Function],
        },
      },
      "_mountOrder": 1,
      "_pendingCallbacks": null,
      "_pendingElement": null,
      "_pendingForceUpdate": false,
      "_pendingReplaceState": false,
      "_pendingStateQueue": null,
      "_renderedComponent": NoopInternalComponent {
        "_currentElement": <View
          style={
                    Object {
                              "height": 180,
                              "position": "relative",
                              "width": undefined,
                            }
          }>
          <Image
                    source={1}
                    style={
                              Object {
                                        "alignSelf": "stretch",
                                        "backgroundColor": "transparent",
                                        "borderWidth": 0,
                                        "flex": 1,
                                        "flexDirection": "column",
                                        "height": 180,
                                        "justifyContent": "flex-end",
                                        "margin": 0,
                                        "padding": 0,
                                        "paddingBottom": 10,
                                        "top": 0,
                                        "width": undefined,
                                      }
                    }>
                    <AnimatedComponent
                              source={
                                        Object {
                                                  "uri": undefined,
                                                }
                              }
                              style={
                                        Object {
                                                  "alignSelf": "center",
                                                  "backgroundColor": "transparent",
                                                  "borderWidth": 0,
                                                  "bottom": 0,
                                                  "flex": 1,
                                                  "flexDirection": "column",
                                                  "justifyContent": "center",
                                                  "left": 0,
                                                  "margin": 0,
                                                  "opacity": 0,
                                                  "padding": 0,
                                                  "position": "absolute",
                                                  "resizeMode": "cover",
                                                  "right": 0,
                                                  "top": 0,
                                                }
                              } />
                    <View
                              style={
                                        Object {
                                                  "alignItems": "flex-start",
                                                }
                              }>
                              <Image
                                        source={1}
                                        style={
                                                  Array [
                                                            Object {
                                                              "alignSelf": "stretch",
                                                              "backgroundColor": "transparent",
                                                              "borderWidth": 0,
                                                              "flex": 1,
                                                              "flexDirection": "column",
                                                              "height": 180,
                                                              "justifyContent": "flex-end",
                                                              "margin": 0,
                                                              "padding": 0,
                                                              "paddingBottom": 10,
                                                              "top": 0,
                                                              "width": undefined,
                                                            },
                                                            Object {
                                                              "bottom": 0,
                                                              "height": 180,
                                                              "left": 0,
                                                              "position": "absolute",
                                                              "resizeMode": "stretch",
                                                              "right": 0,
                                                              "top": -16,
                                                            },
                                                          ]
                                        } />
                              <CityName
                                        text="Bielsko-Biała" />
                              <CityDescription
                                        text="ul. Kossak-Szczuckiej 19" />
                    </View>
          </Image>
</View>,
        "_debugID": 2,
        "_renderedOutput": <View
          style={
                    Object {
                              "height": 180,
                              "position": "relative",
                              "width": undefined,
                            }
          }>
          <Image
                    source={1}
                    style={
                              Object {
                                        "alignSelf": "stretch",
                                        "backgroundColor": "transparent",
                                        "borderWidth": 0,
                                        "flex": 1,
                                        "flexDirection": "column",
                                        "height": 180,
                                        "justifyContent": "flex-end",
                                        "margin": 0,
                                        "padding": 0,
                                        "paddingBottom": 10,
                                        "top": 0,
                                        "width": undefined,
                                      }
                    }>
                    <AnimatedComponent
                              source={
                                        Object {
                                                  "uri": undefined,
                                                }
                              }
                              style={
                                        Object {
                                                  "alignSelf": "center",
                                                  "backgroundColor": "transparent",
                                                  "borderWidth": 0,
                                                  "bottom": 0,
                                                  "flex": 1,
                                                  "flexDirection": "column",
                                                  "justifyContent": "center",
                                                  "left": 0,
                                                  "margin": 0,
                                                  "opacity": 0,
                                                  "padding": 0,
                                                  "position": "absolute",
                                                  "resizeMode": "cover",
                                                  "right": 0,
                                                  "top": 0,
                                                }
                              } />
                    <View
                              style={
                                        Object {
                                                  "alignItems": "flex-start",
                                                }
                              }>
                              <Image
                                        source={1}
                                        style={
                                                  Array [
                                                            Object {
                                                              "alignSelf": "stretch",
                                                              "backgroundColor": "transparent",
                                                              "borderWidth": 0,
                                                              "flex": 1,
                                                              "flexDirection": "column",
                                                              "height": 180,
                                                              "justifyContent": "flex-end",
                                                              "margin": 0,
                                                              "padding": 0,
                                                              "paddingBottom": 10,
                                                              "top": 0,
                                                              "width": undefined,
                                                            },
                                                            Object {
                                                              "bottom": 0,
                                                              "height": 180,
                                                              "left": 0,
                                                              "position": "absolute",
                                                              "resizeMode": "stretch",
                                                              "right": 0,
                                                              "top": -16,
                                                            },
                                                          ]
                                        } />
                              <CityName
                                        text="Bielsko-Biała" />
                              <CityDescription
                                        text="ul. Kossak-Szczuckiej 19" />
                    </View>
          </Image>
</View>,
      },
      "_renderedNodeType": 1,
      "_rootNodeID": 0,
      "_topLevelWrapper": null,
      "_updateBatchNumber": null,
      "_warnedAboutRefsInRender": false,
    },
    "getRenderOutput": [Function],
    "render": [Function],
  },
  "root": [Circular],
  "unrendered": <CityInfo
    city={
        Object {
            "geo": Array [
              49.813464,
              19.027318,
            ],
            "name": "Bielsko-Biała, ul. Kossak-Szczuckiej 19",
            "url": "http://aqicn.org/city/poland/slaski/bielsko-biala--ul.-kossak-szczuckiej-19/",
          }
    } />,
}
`;
