exports[`StationDataRenderer renders correctly 1`] = `[Function]`;
