exports[`Index renders correctly 1`] = `6535`;

exports[`Index renders correctly 2`] = `[Function]`;

exports[`Index renders correctly 3`] = `[Function]`;
